------------------------------------------------------------
TimeQuest Timing Analyzer Summary
------------------------------------------------------------

Type  : Slow 1200mV 85C Model Setup 'e_rxc'
Slack : -6.728
TNS   : -91.775

Type  : Slow 1200mV 85C Model Setup 'altera_reserved_tck'
Slack : 44.163
TNS   : 0.000

Type  : Slow 1200mV 85C Model Hold 'altera_reserved_tck'
Slack : 0.453
TNS   : 0.000

Type  : Slow 1200mV 85C Model Hold 'e_rxc'
Slack : 0.485
TNS   : 0.000

Type  : Slow 1200mV 85C Model Recovery 'e_rxc'
Slack : 2.241
TNS   : 0.000

Type  : Slow 1200mV 85C Model Recovery 'altera_reserved_tck'
Slack : 47.920
TNS   : 0.000

Type  : Slow 1200mV 85C Model Removal 'altera_reserved_tck'
Slack : 1.131
TNS   : 0.000

Type  : Slow 1200mV 85C Model Removal 'e_rxc'
Slack : 4.972
TNS   : 0.000

Type  : Slow 1200mV 85C Model Minimum Pulse Width 'e_rxc'
Slack : 3.717
TNS   : 0.000

Type  : Slow 1200mV 85C Model Minimum Pulse Width 'e_txc'
Slack : 4.000
TNS   : 0.000

Type  : Slow 1200mV 85C Model Minimum Pulse Width 'altera_reserved_tck'
Slack : 49.402
TNS   : 0.000

Type  : Slow 1200mV 0C Model Setup 'e_rxc'
Slack : -5.489
TNS   : -74.225

Type  : Slow 1200mV 0C Model Setup 'altera_reserved_tck'
Slack : 44.635
TNS   : 0.000

Type  : Slow 1200mV 0C Model Hold 'altera_reserved_tck'
Slack : 0.401
TNS   : 0.000

Type  : Slow 1200mV 0C Model Hold 'e_rxc'
Slack : 0.432
TNS   : 0.000

Type  : Slow 1200mV 0C Model Recovery 'e_rxc'
Slack : 2.449
TNS   : 0.000

Type  : Slow 1200mV 0C Model Recovery 'altera_reserved_tck'
Slack : 48.207
TNS   : 0.000

Type  : Slow 1200mV 0C Model Removal 'altera_reserved_tck'
Slack : 1.035
TNS   : 0.000

Type  : Slow 1200mV 0C Model Removal 'e_rxc'
Slack : 4.805
TNS   : 0.000

Type  : Slow 1200mV 0C Model Minimum Pulse Width 'e_rxc'
Slack : 3.604
TNS   : 0.000

Type  : Slow 1200mV 0C Model Minimum Pulse Width 'e_txc'
Slack : 4.000
TNS   : 0.000

Type  : Slow 1200mV 0C Model Minimum Pulse Width 'altera_reserved_tck'
Slack : 49.248
TNS   : 0.000

Type  : Fast 1200mV 0C Model Setup 'e_rxc'
Slack : 1.752
TNS   : 0.000

Type  : Fast 1200mV 0C Model Setup 'altera_reserved_tck'
Slack : 47.815
TNS   : 0.000

Type  : Fast 1200mV 0C Model Hold 'altera_reserved_tck'
Slack : 0.187
TNS   : 0.000

Type  : Fast 1200mV 0C Model Hold 'e_rxc'
Slack : 0.199
TNS   : 0.000

Type  : Fast 1200mV 0C Model Recovery 'e_rxc'
Slack : 2.600
TNS   : 0.000

Type  : Fast 1200mV 0C Model Recovery 'altera_reserved_tck'
Slack : 49.395
TNS   : 0.000

Type  : Fast 1200mV 0C Model Removal 'altera_reserved_tck'
Slack : 0.494
TNS   : 0.000

Type  : Fast 1200mV 0C Model Removal 'e_rxc'
Slack : 5.016
TNS   : 0.000

Type  : Fast 1200mV 0C Model Minimum Pulse Width 'e_rxc'
Slack : 3.113
TNS   : 0.000

Type  : Fast 1200mV 0C Model Minimum Pulse Width 'e_txc'
Slack : 4.000
TNS   : 0.000

Type  : Fast 1200mV 0C Model Minimum Pulse Width 'altera_reserved_tck'
Slack : 49.278
TNS   : 0.000

------------------------------------------------------------
