------------------------------------------------------------
TimeQuest Timing Analyzer Summary
------------------------------------------------------------

Type  : Slow 1200mV 85C Model Setup 'e_rxc'
Slack : -6.335
TNS   : -83.244

Type  : Slow 1200mV 85C Model Setup 'altera_reserved_tck'
Slack : 43.978
TNS   : 0.000

Type  : Slow 1200mV 85C Model Hold 'altera_reserved_tck'
Slack : 0.453
TNS   : 0.000

Type  : Slow 1200mV 85C Model Hold 'e_rxc'
Slack : 0.485
TNS   : 0.000

Type  : Slow 1200mV 85C Model Recovery 'e_rxc'
Slack : 2.586
TNS   : 0.000

Type  : Slow 1200mV 85C Model Recovery 'altera_reserved_tck'
Slack : 48.204
TNS   : 0.000

Type  : Slow 1200mV 85C Model Removal 'altera_reserved_tck'
Slack : 1.312
TNS   : 0.000

Type  : Slow 1200mV 85C Model Removal 'e_rxc'
Slack : 4.405
TNS   : 0.000

Type  : Slow 1200mV 85C Model Minimum Pulse Width 'e_rxc'
Slack : 3.676
TNS   : 0.000

Type  : Slow 1200mV 85C Model Minimum Pulse Width 'e_txc'
Slack : 4.000
TNS   : 0.000

Type  : Slow 1200mV 85C Model Minimum Pulse Width 'altera_reserved_tck'
Slack : 49.392
TNS   : 0.000

Type  : Slow 1200mV 0C Model Setup 'e_rxc'
Slack : -4.996
TNS   : -64.429

Type  : Slow 1200mV 0C Model Setup 'altera_reserved_tck'
Slack : 44.400
TNS   : 0.000

Type  : Slow 1200mV 0C Model Hold 'altera_reserved_tck'
Slack : 0.401
TNS   : 0.000

Type  : Slow 1200mV 0C Model Hold 'e_rxc'
Slack : 0.432
TNS   : 0.000

Type  : Slow 1200mV 0C Model Recovery 'e_rxc'
Slack : 2.784
TNS   : 0.000

Type  : Slow 1200mV 0C Model Recovery 'altera_reserved_tck'
Slack : 48.498
TNS   : 0.000

Type  : Slow 1200mV 0C Model Removal 'altera_reserved_tck'
Slack : 1.216
TNS   : 0.000

Type  : Slow 1200mV 0C Model Removal 'e_rxc'
Slack : 4.260
TNS   : 0.000

Type  : Slow 1200mV 0C Model Minimum Pulse Width 'e_rxc'
Slack : 3.526
TNS   : 0.000

Type  : Slow 1200mV 0C Model Minimum Pulse Width 'e_txc'
Slack : 4.000
TNS   : 0.000

Type  : Slow 1200mV 0C Model Minimum Pulse Width 'altera_reserved_tck'
Slack : 49.233
TNS   : 0.000

Type  : Fast 1200mV 0C Model Setup 'e_rxc'
Slack : 1.740
TNS   : 0.000

Type  : Fast 1200mV 0C Model Setup 'altera_reserved_tck'
Slack : 47.684
TNS   : 0.000

Type  : Fast 1200mV 0C Model Hold 'altera_reserved_tck'
Slack : 0.187
TNS   : 0.000

Type  : Fast 1200mV 0C Model Hold 'e_rxc'
Slack : 0.199
TNS   : 0.000

Type  : Fast 1200mV 0C Model Recovery 'e_rxc'
Slack : 2.734
TNS   : 0.000

Type  : Fast 1200mV 0C Model Recovery 'altera_reserved_tck'
Slack : 49.525
TNS   : 0.000

Type  : Fast 1200mV 0C Model Removal 'altera_reserved_tck'
Slack : 0.555
TNS   : 0.000

Type  : Fast 1200mV 0C Model Removal 'e_rxc'
Slack : 4.783
TNS   : 0.000

Type  : Fast 1200mV 0C Model Minimum Pulse Width 'e_rxc'
Slack : 3.108
TNS   : 0.000

Type  : Fast 1200mV 0C Model Minimum Pulse Width 'e_txc'
Slack : 4.000
TNS   : 0.000

Type  : Fast 1200mV 0C Model Minimum Pulse Width 'altera_reserved_tck'
Slack : 49.277
TNS   : 0.000

------------------------------------------------------------
